// Jest Snapshot v1, https://goo.gl/fbAQLP

exports[`<TaskInput /> should match snapshot 1`] = `
<div>
  <form>
    <input
      class="sc-AxjAm hSKMid"
      name="task-input"
      placeholder="What needs to be done?"
      type="text"
      value=""
    />
  </form>
</div>
`;
