// Jest Snapshot v1, https://goo.gl/fbAQLP

exports[`<ClearBtn /> should match snapshot 1`] = `
<div>
  <button
    class="sc-AxjAm hnSQbp"
  >
    Click me
  </button>
</div>
`;
